jobs
guest
search
static-exp
guest-frontend
ajobs-guest
frontend-static
content
en
us
static
exp
guest
frontend
ajobs
guest
frontend
static
content
todays
top
jobs
in
worldwide
leverage
your
professional
network
and
get
hired
new
jobs
added
daily
noarchive
width
device-width
initial-scale
website
www
todays
top
jobs
in
worldwide
leverage
your
professional
network
and
get
hired
new
jobs
added
daily
summary
large
image
linkedin
todays
top
jobs
in
worldwide
leverage
your
professional
network
and
get
hired
new
jobs
added
daily
www
jobs
in
worldwide
new
static
exp
guest
frontend
ajobs
guest
frontend
static
content
linkedin
search
for
first
name
last
name
join
now
sign
in
date
posted
past
hours
past
week
past
month
any
time
company
walmart
labs
cr
england
chiletrabajos
pizza
hut
temporis
experience
level
mid-senior
level
internship
entry
level
associate
director
job
type
full-time
contract
results
for
worldwide
new
senior
technical
project
manager
walmart
labs
senior
technical
project
manager
walmart
labs
hoboken
nj
us
with
the
help
of
some
of
the
brightest
minds
in
technology
merchandising
marketing
supply
chain
talent
and
more
we
are
reimagining
software
engineer
search
frontend
walmart
labs
software
engineer
search
frontend
walmart
labs
sunnyvale
ca
us
the
search
frontend
team
is
looking
for
a
software
engineer
to
join
the
team
responsible
for
delivering
great
search
experiences
that
staff
data
scientist
br
walmart
labs
staff
data
scientist
br
walmart
labs
san
bruno
ca
us
we
are
looking
for
passionate
data
scientists
and
researchers
to
building
next
generation
forecasting
models
and
algorithms
for
walmart
easy
apply
quality
engineer
iii
walmart
labs
quality
engineer
iii
walmart
labs
sunnyvale
ca
us
with
the
help
of
some
of
the
brightest
minds
in
technology
merchandising
marketing
supply
chain
talent
and
more
we
are
reimagining
software
engineer
test
automation
search
frontend
walmart
labs
software
engineer
test
automation
search
frontend
walmart
labs
sunnyvale
ca
us
the
ideal
candidate
will
have
the
following
experience
and
knowledge
but
above
all
must
be
passionate
about
being
a
part
of
the
manager
i
software
engineering
walmart
labs
manager
i
software
engineering
walmart
labs
carlsbad
ca
us
with
the
help
of
some
of
the
brightest
minds
in
technology
merchandising
marketing
supply
chain
talent
and
more
we
are
reimagining
staff
technical
program
manager
walmart
labs
staff
technical
program
manager
walmart
labs
sunnyvale
ca
us
with
the
help
of
some
of
the
brightest
minds
in
technology
merchandising
marketing
supply
chain
talent
and
more
we
are
reimagining
director
software
engineering
walmart
labs
director
software
engineering
walmart
labs
san
bruno
ca
us
you
will
need
to
you
will
need
to
we
are
looking
for
an
experienced
engineering
leader
to
help
us
shape
our
product
discovery
and
senior
software
engineer
test
automation
search
frontend
walmart
labs
senior
software
engineer
test
automation
search
frontend
walmart
labs
sunnyvale
ca
us
the
ideal
candidate
will
have
the
following
experience
and
knowledge
but
above
all
must
be
passionate
about
being
a
part
of
the
data
scientist
walmart
labs
data
scientist
walmart
labs
sunnyvale
ca
us
this
will
span
many
markets
business
models
and
form
factors
therefore
we
are
looking
for
engineers
who
will
bring
not
only
an
staff
machine
learning
engineer
walmart
labs
staff
machine
learning
engineer
walmart
labs
sunnyvale
ca
us
with
the
help
of
some
of
the
brightest
minds
in
technology
merchandising
marketing
supply
chain
talent
and
more
we
are
reimagining
senior
product
manager
walmart
labs
senior
product
manager
walmart
labs
san
bruno
ca
us
fms
product
is
built
with
a
vision
to
enable
customers
to
have
a
seamless
fulfillment
experience
across
all
walmart
owned
sites
and
software
engineer
iii
walmart
labs
software
engineer
iii
walmart
labs
san
bruno
ca
us
we
looking
for
a
data
science
engineers
with
experience
in
machine
learning
and
artificial
intelligence
ideal
candidates
will
have
a
staff
machine
learning
engineer
walmart
labs
staff
machine
learning
engineer
walmart
labs
sunnyvale
ca
us
with
the
help
of
some
of
the
brightest
minds
in
technology
merchandising
marketing
supply
chain
talent
and
more
we
are
reimagining
full
stack
software
engineer
walmart
labs
full
stack
software
engineer
walmart
labs
portland
or
us
with
the
help
of
some
of
the
brightest
minds
in
technology
merchandising
marketing
supply
chain
talent
and
more
we
are
reimagining
senior
software
engineer
walmart
labs
senior
software
engineer
walmart
labs
carlsbad
ca
us
with
the
help
of
some
of
the
brightest
minds
in
technology
merchandising
marketing
supply
chain
talent
and
more
we
are
reimagining
senior
quality
engineer
walmart
labs
senior
quality
engineer
walmart
labs
sunnyvale
ca
us
with
the
help
of
some
of
the
brightest
minds
in
technology
merchandising
marketing
supply
chain
talent
and
more
we
are
reimagining
senior
machine
learning
engineer
walmart
labs
senior
machine
learning
engineer
walmart
labs
sunnyvale
ca
us
with
the
help
of
some
of
the
brightest
minds
in
technology
merchandising
marketing
supply
chain
talent
and
more
we
are
reimagining
senior
quality
engineer
walmart
labs
senior
quality
engineer
walmart
labs
sunnyvale
ca
us
with
the
help
of
some
of
the
brightest
minds
in
technology
merchandising
marketing
supply
chain
talent
and
more
we
are
reimagining
staff
software
engineer
golang
remote
us
home
office
walmart
labs
staff
software
engineer
golang
remote
us
home
office
walmart
labs
bellevue
wa
us
walmart
labs
is
looking
for
a
backend
developer
to
help
build
tools
that
speed
up
all
of
walmart
e-commerce
walmart
labs
is
looking
for
senior
machine
learning
engineer
walmart
labs
senior
machine
learning
engineer
walmart
labs
sunnyvale
ca
us
with
the
help
of
some
of
the
brightest
minds
in
technology
merchandising
marketing
supply
chain
talent
and
more
we
are
reimagining
technical
project
manager
walmart
labs
technical
project
manager
walmart
labs
san
bruno
ca
us
with
the
help
of
some
of
the
brightest
minds
in
technology
merchandising
marketing
supply
chain
talent
and
more
we
are
reimagining
program
director
community
strategy
execution
walmart
labs
program
director
community
strategy
execution
walmart
labs
san
bruno
ca
us
as
part
of
this
transformation
we
are
seeking
a
leader
to
own
the
development
of
walmart
data
and
analytics
community
and
council
senior
software
engineer
devops
walmart
labs
senior
software
engineer
devops
walmart
labs
sunnyvale
ca
us
with
the
help
of
some
of
the
brightest
minds
in
technology
merchandising
marketing
supply
chain
talent
and
more
we
are
reimagining
senior
data
scientist
br
walmart
labs
senior
data
scientist
br
walmart
labs
san
bruno
ca
us
we
are
looking
for
passionate
data
scientists
and
researchers
to
building
next
generation
forecasting
models
and
algorithms
for
walmart
easy
apply
youve
viewed
all
jobs
for
this
search
large
loading
spinner
text
static
exp
guest
frontend
ajobs
guest
frontend
static
content
about
user
agreement
privacy
policy
cookie
policy
copyright
policy
brand
policy
guest
controls
community
guidelines
language
language
jobs
guest
search
www
create
ua
cookiedomain
linkedin
set
referrer
set
location
set
title
linkedin
set
forcessl
set
anonymizeip
send
pageview
googleanalyticsobject
script
ga
load
